\BOOKMARK [1][-]{section*.1}{\376\377\006\101\006\107\006\061\006\063\006\052\000\040\006\105\006\067\006\047\006\104\006\050}{}% 1
\BOOKMARK [1][-]{section*.2}{\376\377\006\063\006\110\006\047\006\104\000\040\006\314\006\251\000\040\000:\000\040\006\064\006\061\006\047\006\314\006\067\000E\000r\000g\000o\000d\000i\000c\000i\000t\000y}{}% 2
\BOOKMARK [2][-]{section*.3}{\376\377\006\050\006\056\006\064\000\040\006\047\006\110\006\104}{section*.2}% 3
\BOOKMARK [3][-]{section*.4}{\376\377\006\047\006\053\006\061\000\040\006\107\006\061\000\040\006\251\006\057\006\047\006\105\000\040\006\047\006\062\000\040\006\064\006\061\006\047\006\314\006\067\000\040\006\050\006\061\000\040\006\061\006\110\006\314\000\040\006\063\006\105\006\176\006\104\006\314\006\106\006\257}{section*.3}% 4
\BOOKMARK [2][-]{section*.5}{\376\377\006\050\006\056\006\064\000\040\006\057\006\110\006\105\000\040\000:\000\040\006\105\006\110\006\062\006\047\006\106\006\107\000\040\006\052\006\101\006\065\006\314\006\104\006\314\000\040\000\050\000D\000e\000t\000a\000i\000l\000e\000d\000\040\000B\000a\000l\000a\000n\000c\000e\000\051}{section*.2}% 5
\BOOKMARK [3][-]{section*.6}{\376\377\006\063\006\110\006\047\006\104\000\040\006\047\006\110\006\104}{section*.5}% 6
\BOOKMARK [3][-]{section*.7}{\376\377\006\063\006\110\006\047\006\104\000\040\006\057\006\110\006\105}{section*.5}% 7
\BOOKMARK [1][-]{section*.8}{\376\377\006\047\006\106\006\110\006\047\006\071\000\040\000S\000c\000o\000r\000e\000-\000M\000a\000t\000c\000h\000i\000n\000g}{}% 8
\BOOKMARK [2][-]{section*.9}{\376\377\006\050\006\056\006\064\000\040\006\047\006\110\006\104}{section*.8}% 9
\BOOKMARK [3][-]{section*.10}{\376\377\000a}{section*.9}% 10
\BOOKMARK [3][-]{section*.11}{\376\377\000b}{section*.9}% 11
\BOOKMARK [2][-]{section*.12}{\376\377\006\050\006\056\006\064\000\040\006\057\006\110\006\105}{section*.8}% 12
\BOOKMARK [3][-]{section*.13}{\376\377\000a}{section*.12}% 13
\BOOKMARK [3][-]{section*.14}{\376\377\000b}{section*.12}% 14
\BOOKMARK [2][-]{section*.15}{\376\377\000*\000\040\006\050\006\056\006\064\000\040\006\063\006\110\006\105}{section*.8}% 15
\BOOKMARK [3][-]{section*.16}{\376\377\000a}{section*.15}% 16
\BOOKMARK [3][-]{section*.17}{\376\377\000b}{section*.15}% 17
\BOOKMARK [3][-]{section*.18}{\376\377\000c}{section*.15}% 18
\BOOKMARK [3][-]{section*.19}{\376\377\000d}{section*.15}% 19
\BOOKMARK [1][-]{section*.20}{\376\377\006\105\006\057\006\104\000\040\006\107\006\047\006\314\000\040\000S\000c\000o\000r\000e\000-\000B\000a\000s\000e\000d}{}% 20
\BOOKMARK [2][-]{section*.21}{\376\377\006\063\006\110\006\047\006\104\000\040\006\047\006\110\006\104}{section*.20}% 21
\BOOKMARK [2][-]{section*.22}{\376\377\006\063\006\110\006\047\006\104\000\040\006\057\006\110\006\105}{section*.20}% 22
\BOOKMARK [2][-]{section*.23}{\376\377\006\063\006\110\006\047\006\104\000\040\006\063\006\110\006\105}{section*.20}% 23
\BOOKMARK [2][-]{section*.24}{\376\377\006\063\006\110\006\047\006\104\000\040\006\206\006\107\006\047\006\061\006\105}{section*.20}% 24
\BOOKMARK [1][-]{section*.25}{\376\377\006\105\006\057\006\104\000\040\006\107\006\047\006\314\000\040\000E\000n\000e\000r\000g\000y\000-\000B\000a\000s\000e\000d}{}% 25
\BOOKMARK [2][-]{section*.26}{\376\377\006\063\006\110\006\047\006\104\000\040\006\047\006\110\006\104}{section*.25}% 26
\BOOKMARK [2][-]{section*.27}{\376\377\006\063\006\110\006\047\006\104\000\040\006\057\006\110\006\105}{section*.25}% 27
\BOOKMARK [2][-]{section*.28}{\376\377\006\063\006\110\006\047\006\104\000\040\006\063\006\110\006\105}{section*.25}% 28
\BOOKMARK [1][-]{section*.29}{\376\377\006\063\006\110\006\047\006\104\000\040\006\176\006\106\006\054\006\105}{}% 29
